// Jest Snapshot v1, https://goo.gl/fbAQLP

exports[`renders correctly 1`] = `"<div class=\\"MuiModal-root-1\\"><div class=\\"MuiBackdrop-root-3\\" aria-hidden=\\"true\\" style=\\"opacity: 1; -webkit-transition: opacity 225ms cubic-bezier(0.4, 0, 0.2, 1) 0ms;\\"></div><div class=\\"modal\\" role=\\"document\\" tabindex=\\"-1\\"><h2 class=\\"MuiTypography-root-5 MuiTypography-title-11\\" id=\\"modal-title\\" aria-labelledby=\\"simple-modal-title\\" aria-describedby=\\"simple-modal-description\\">Something went wrong</h2><h3 class=\\"MuiTypography-root-5 MuiTypography-subheading-12\\" id=\\"simple-modal-description\\">There was a problem with retrieving the data you've requested</h3><div class=\\"buttonWrapper\\"><button tabindex=\\"0\\" class=\\"MuiButtonBase-root-53 MuiButton-root-29 MuiButton-text-31 MuiButton-textSecondary-33 MuiButton-outlined-37\\" type=\\"button\\"><span class=\\"MuiButton-label-30\\">Retry</span><span class=\\"MuiTouchRipple-root-56\\"></span></button><button tabindex=\\"0\\" class=\\"MuiButtonBase-root-53 MuiButton-root-29 MuiButton-text-31 MuiButton-textPrimary-32 MuiButton-outlined-37\\" type=\\"button\\"><span class=\\"MuiButton-label-30\\">Ignore</span><span class=\\"MuiTouchRipple-root-56\\"></span></button></div></div></div>"`;
